id: aes-hardcoded-secret-swift
snapshots:
  ? |
    AES(key: "hello", iv: "123")
  : labels:
    - source: 'AES(key: "hello", iv: "123")'
      style: primary
      start: 0
      end: 28
    - source: AES
      style: secondary
      start: 0
      end: 3
    - source: key
      style: secondary
      start: 4
      end: 7
    - source: hello
      style: secondary
      start: 10
      end: 15
    - source: '"hello"'
      style: secondary
      start: 9
      end: 16
    - source: 'key: "hello"'
      style: secondary
      start: 4
      end: 16
    - source: '(key: "hello", iv: "123")'
      style: secondary
      start: 3
      end: 28
    - source: '(key: "hello", iv: "123")'
      style: secondary
      start: 3
      end: 28
  ? |
    let password: Array<UInt8> = Array("s33krit".utf8)
    AES(key: password, iv: "123")
  : labels:
    - source: 'AES(key: password, iv: "123")'
      style: primary
      start: 51
      end: 80
    - source: AES
      style: secondary
      start: 51
      end: 54
    - source: key
      style: secondary
      start: 55
      end: 58
    - source: password
      style: secondary
      start: 60
      end: 68
    - source: 'key: password'
      style: secondary
      start: 55
      end: 68
    - source: '(key: password, iv: "123")'
      style: secondary
      start: 54
      end: 80
    - source: '(key: password, iv: "123")'
      style: secondary
      start: 54
      end: 80
    - source: password
      style: secondary
      start: 4
      end: 12
    - source: password
      style: secondary
      start: 4
      end: 12
    - source: Array("s33krit".utf8)
      style: secondary
      start: 29
      end: 50
    - source: 'let password: Array<UInt8> = Array("s33krit".utf8)'
      style: secondary
      start: 0
      end: 50
    - source: s33krit
      style: secondary
      start: 36
      end: 43
  ? |
    let password: Array<UInt8> = Array("s33krit".utf8)
    try AES(key: password, iv: "123")
  : labels:
    - source: 'try AES(key: password, iv: "123")'
      style: primary
      start: 51
      end: 84
    - source: AES
      style: secondary
      start: 55
      end: 58
    - source: key
      style: secondary
      start: 59
      end: 62
    - source: password
      style: secondary
      start: 64
      end: 72
    - source: 'key: password'
      style: secondary
      start: 59
      end: 72
    - source: '(key: password, iv: "123")'
      style: secondary
      start: 58
      end: 84
    - source: '(key: password, iv: "123")'
      style: secondary
      start: 58
      end: 84
    - source: 'AES(key: password, iv: "123")'
      style: secondary
      start: 55
      end: 84
    - source: password
      style: secondary
      start: 4
      end: 12
    - source: password
      style: secondary
      start: 4
      end: 12
    - source: Array("s33krit".utf8)
      style: secondary
      start: 29
      end: 50
    - source: 'let password: Array<UInt8> = Array("s33krit".utf8)'
      style: secondary
      start: 0
      end: 50
    - source: s33krit
      style: secondary
      start: 36
      end: 43
  ? |
    try AES(key: "hello", iv: "123")
  : labels:
    - source: 'try AES(key: "hello", iv: "123")'
      style: primary
      start: 0
      end: 32
    - source: AES
      style: secondary
      start: 4
      end: 7
    - source: key
      style: secondary
      start: 8
      end: 11
    - source: hello
      style: secondary
      start: 14
      end: 19
    - source: '"hello"'
      style: secondary
      start: 13
      end: 20
    - source: 'key: "hello"'
      style: secondary
      start: 8
      end: 20
    - source: '(key: "hello", iv: "123")'
      style: secondary
      start: 7
      end: 32
    - source: '(key: "hello", iv: "123")'
      style: secondary
      start: 7
      end: 32
    - source: 'AES(key: "hello", iv: "123")'
      style: secondary
      start: 4
      end: 32
