id: cookie-missing-httponly-java
snapshots:
  ? |
    @RequestMapping(value = "/cookie1", method = "GET")
    public void setCookie(@RequestParam String value, HttpServletResponse response) {
        Cookie cookie = new Cookie("cookie", value);
        response.addCookie(cookie);
    }
    @RequestMapping(value = "/cookie2", method = "GET")
    public void setSecureCookie(@RequestParam String value, HttpServletResponse response) {
        Cookie cookie = new Cookie("cookie", value);
        cookie.setSecure(true);
        response.addCookie(cookie);
    }
  : labels:
    - source: response.addCookie(cookie);
      style: primary
      start: 187
      end: 214
