id: detect-new-buffer-typescript
snapshots:
  var a = new Buffer(c):
    labels:
    - source: new Buffer(c)
      style: primary
      start: 8
      end: 21
    - source: Buffer
      style: secondary
      start: 12
      end: 18
    - source: c
      style: secondary
      start: 19
      end: 20
    - source: (c)
      style: secondary
      start: 18
      end: 21
  ? |
    var a = new Buffer(c)
  : labels:
    - source: new Buffer(c)
      style: primary
      start: 8
      end: 21
    - source: Buffer
      style: secondary
      start: 12
      end: 18
    - source: c
      style: secondary
      start: 19
      end: 20
    - source: (c)
      style: secondary
      start: 18
      end: 21
