id: documentbuilderfactory-disallow-doctype-decl-false-java
snapshots:
  ? |
    ParserConfigurationException {
        DocumentBuilderFactory dbf = DocumentBuilderFactory.newInstance();
        //ruleid:documentbuilderfactory-disallow-doctype-decl-false
        dbf.setFeature("http://apache.org/xml/features/disallow-doctype-decl", false);
        //fix:documentbuilderfactory-disallow-doctype-decl-false
        //dbf.setFeature("http://apache.org/xml/features/disallow-doctype-decl", true);
    }
  : labels:
    - source: dbf.setFeature("http://apache.org/xml/features/disallow-doctype-decl", false);
      style: primary
      start: 170
      end: 248
    - source: DocumentBuilderFactory dbf = DocumentBuilderFactory.newInstance();
      style: secondary
      start: 35
      end: 101
  ? |
    ParserConfigurationException {
        SAXParserFactory spf = SAXParserFactory.newInstance();
        //ruleid:documentbuilderfactory-disallow-doctype-decl-false
        spf.setFeature("http://apache.org/xml/features/disallow-doctype-decl", false);
        //fix:documentbuilderfactory-disallow-doctype-decl-false
        //spf.setFeature("http://apache.org/xml/features/disallow-doctype-decl", true);
    }
  : labels:
    - source: spf.setFeature("http://apache.org/xml/features/disallow-doctype-decl", false);
      style: primary
      start: 158
      end: 236
    - source: SAXParserFactory spf = SAXParserFactory.newInstance();
      style: secondary
      start: 35
      end: 89
