id: documentbuilderfactory-external-parameter-entities-true-java
snapshots:
  ? |
    dbf.setFeature("http://xml.org/sax/features/external-parameter-entities" , true);
    spf.setFeature("http://xml.org/sax/features/external-parameter-entities" , true);
  : labels:
    - source: dbf.setFeature("http://xml.org/sax/features/external-parameter-entities" , true);
      style: primary
      start: 0
      end: 81
