id: express-session-hardcoded-secret-javascript
snapshots:
  ? |
    import * as session from 'express-session'
    let a = 'a'
    app.use(session({
    secret: a,
    resave: false,
    saveUninitialized: false,
    }));
  : labels:
    - source: 'secret: a'
      style: primary
      start: 73
      end: 82
    - source: secret
      style: secondary
      start: 73
      end: 79
    - source: a
      style: secondary
      start: 81
      end: 82
    - source: a
      style: secondary
      start: 47
      end: 48
    - source: a
      style: secondary
      start: 52
      end: 53
    - source: '''a'''
      style: secondary
      start: 51
      end: 54
    - source: a = 'a'
      style: secondary
      start: 47
      end: 54
    - source: let a = 'a'
      style: secondary
      start: 43
      end: 54
    - source: |-
        app.use(session({
        secret: a,
        resave: false,
        saveUninitialized: false,
        }));
      style: secondary
      start: 55
      end: 129
    - source: import * as session from 'express-session'
      style: secondary
      start: 0
      end: 42
    - source: |-
        app.use(session({
        secret: a,
        resave: false,
        saveUninitialized: false,
        }));
      style: secondary
      start: 55
      end: 129
  ? |
    import * as session from 'express-session'
    let config = {
    secret: 'a',
    resave: false,
    saveUninitialized: false,
    }
  : labels:
    - source: 'secret: ''a'''
      style: primary
      start: 58
      end: 69
    - source: secret
      style: secondary
      start: 58
      end: 64
    - source: a
      style: secondary
      start: 67
      end: 68
    - source: '''a'''
      style: secondary
      start: 66
      end: 69
    - source: 'secret: ''a'''
      style: secondary
      start: 58
      end: 69
    - source: |-
        {
        secret: 'a',
        resave: false,
        saveUninitialized: false,
        }
      style: secondary
      start: 56
      end: 113
    - source: |-
        config = {
        secret: 'a',
        resave: false,
        saveUninitialized: false,
        }
      style: secondary
      start: 47
      end: 113
    - source: import * as session from 'express-session'
      style: secondary
      start: 0
      end: 42
    - source: |-
        let config = {
        secret: 'a',
        resave: false,
        saveUninitialized: false,
        }
      style: secondary
      start: 43
      end: 113
  ? |-
    import * as session from 'express-session'
    let secret2 = {
    resave: false,
    secret: 'foo',
    saveUninitialized: false,
    }
  : labels:
    - source: 'secret: ''foo'''
      style: primary
      start: 74
      end: 87
    - source: secret
      style: secondary
      start: 74
      end: 80
    - source: foo
      style: secondary
      start: 83
      end: 86
    - source: '''foo'''
      style: secondary
      start: 82
      end: 87
    - source: 'secret: ''foo'''
      style: secondary
      start: 74
      end: 87
    - source: |-
        {
        resave: false,
        secret: 'foo',
        saveUninitialized: false,
        }
      style: secondary
      start: 57
      end: 116
    - source: |-
        secret2 = {
        resave: false,
        secret: 'foo',
        saveUninitialized: false,
        }
      style: secondary
      start: 47
      end: 116
    - source: import * as session from 'express-session'
      style: secondary
      start: 0
      end: 42
    - source: |-
        let secret2 = {
        resave: false,
        secret: 'foo',
        saveUninitialized: false,
        }
      style: secondary
      start: 43
      end: 116
