id: gcm-nonce-reuse-java
snapshots:
  ? |
    byte[] theBadIV = BAD_IV.getBytes();
    GCMParameterSpec gcmParameterSpec = new GCMParameterSpec(GCM_TAG_LENGTH * 8, theBadIV);
  : labels:
    - source: GCMParameterSpec gcmParameterSpec = new GCMParameterSpec(GCM_TAG_LENGTH * 8, theBadIV);
      style: primary
      start: 37
      end: 124
    - source: byte[] theBadIV = BAD_IV.getBytes();
      style: secondary
      start: 0
      end: 36
