id: hardcoded-secret-rsa-passphrase-ruby
snapshots:
  ? |
    module Test
    require 'openssl'
    class Test
      $pass = 'super secret'
      def initialize(key = nil, iv = nil)
      @pass1 = 'my secure pass phrase goes here'
      @keypem = 'foo.pem'
      OpenSSL::PKey::RSA.new(1024).to_pem(cipher, "secret")
      bad
      bad1
      bad2
      bad3
      ok
    end
  : labels:
    - source: OpenSSL::PKey::RSA.new(1024).to_pem(cipher, "secret")
      style: primary
      start: 173
      end: 226
    - source: OpenSSL::PKey::RSA.new(1024)
      style: secondary
      start: 173
      end: 201
    - source: .
      style: secondary
      start: 201
      end: 202
    - source: to_pem
      style: secondary
      start: 202
      end: 208
    - source: '"secret"'
      style: secondary
      start: 217
      end: 225
    - source: (cipher, "secret")
      style: secondary
      start: 208
      end: 226
