id: hashids-with-flask-secret-python
snapshots:
  ? |-
    from hashids import Hashids
    app = Flask(__name__.split('.')[0])
    hashids = Hashids(min_length=4, salt=app.config['SECRET_KEY'])
  : labels:
    - source: Hashids(min_length=4, salt=app.config['SECRET_KEY'])
      style: primary
      start: 74
      end: 126
    - source: Hashids
      style: secondary
      start: 74
      end: 81
    - source: salt
      style: secondary
      start: 96
      end: 100
    - source: app.config['SECRET_KEY']
      style: secondary
      start: 101
      end: 125
    - source: salt=app.config['SECRET_KEY']
      style: secondary
      start: 96
      end: 125
    - source: (min_length=4, salt=app.config['SECRET_KEY'])
      style: secondary
      start: 81
      end: 126
    - source: from hashids import Hashids
      style: secondary
      start: 0
      end: 27
    - source: app = Flask(__name__.split('.')[0])
      style: secondary
      start: 28
      end: 63
    - source: app = Flask(__name__.split('.')[0])
      style: secondary
      start: 28
      end: 63
    - source: |-
        from hashids import Hashids
        app = Flask(__name__.split('.')[0])
        hashids = Hashids(min_length=4, salt=app.config['SECRET_KEY'])
      style: secondary
      start: 0
      end: 126
  ? |
    from hashids import Hashids
    foo = Flask()
    hashids = Hashids(min_length=4, salt=foo.config['SECRET_KEY'])
  : labels:
    - source: Hashids(min_length=4, salt=foo.config['SECRET_KEY'])
      style: primary
      start: 52
      end: 104
    - source: Hashids
      style: secondary
      start: 52
      end: 59
    - source: salt
      style: secondary
      start: 74
      end: 78
    - source: foo.config['SECRET_KEY']
      style: secondary
      start: 79
      end: 103
    - source: salt=foo.config['SECRET_KEY']
      style: secondary
      start: 74
      end: 103
    - source: (min_length=4, salt=foo.config['SECRET_KEY'])
      style: secondary
      start: 59
      end: 104
    - source: from hashids import Hashids
      style: secondary
      start: 0
      end: 27
    - source: foo = Flask()
      style: secondary
      start: 28
      end: 41
    - source: foo = Flask()
      style: secondary
      start: 28
      end: 41
    - source: |
        from hashids import Hashids
        foo = Flask()
        hashids = Hashids(min_length=4, salt=foo.config['SECRET_KEY'])
      style: secondary
      start: 0
      end: 105
  ? |
    from hashids import Hashids
    from flask import current_app
    hashids = Hashids(min_length=5, salt=current_app.config['SECRET_KEY'])
  : labels:
    - source: Hashids(min_length=5, salt=current_app.config['SECRET_KEY'])
      style: primary
      start: 68
      end: 128
    - source: Hashids
      style: secondary
      start: 68
      end: 75
    - source: salt
      style: secondary
      start: 90
      end: 94
    - source: current_app.config['SECRET_KEY']
      style: secondary
      start: 95
      end: 127
    - source: salt=current_app.config['SECRET_KEY']
      style: secondary
      start: 90
      end: 127
    - source: (min_length=5, salt=current_app.config['SECRET_KEY'])
      style: secondary
      start: 75
      end: 128
    - source: from hashids import Hashids
      style: secondary
      start: 0
      end: 27
    - source: from flask import current_app
      style: secondary
      start: 28
      end: 57
    - source: |
        from hashids import Hashids
        from flask import current_app
        hashids = Hashids(min_length=5, salt=current_app.config['SECRET_KEY'])
      style: secondary
      start: 0
      end: 129
  ? |
    from hashids import Hashids
    from flask import current_app as app
    hash_id = Hashids(salt=app.config['SECRET_KEY'], min_length=34)
  : labels:
    - source: Hashids(salt=app.config['SECRET_KEY'], min_length=34)
      style: primary
      start: 75
      end: 128
    - source: Hashids
      style: secondary
      start: 75
      end: 82
    - source: salt
      style: secondary
      start: 83
      end: 87
    - source: app.config['SECRET_KEY']
      style: secondary
      start: 88
      end: 112
    - source: salt=app.config['SECRET_KEY']
      style: secondary
      start: 83
      end: 112
    - source: (salt=app.config['SECRET_KEY'], min_length=34)
      style: secondary
      start: 82
      end: 128
    - source: from hashids import Hashids
      style: secondary
      start: 0
      end: 27
    - source: from flask import current_app as app
      style: secondary
      start: 28
      end: 64
    - source: |
        from hashids import Hashids
        from flask import current_app as app
        hash_id = Hashids(salt=app.config['SECRET_KEY'], min_length=34)
      style: secondary
      start: 0
      end: 129
  ? |
    from hashids import Hashids
    from flask import current_app as app
    hashids = Hashids(min_length=4, salt=app.config['SECRET_KEY'])
  : labels:
    - source: Hashids(min_length=4, salt=app.config['SECRET_KEY'])
      style: primary
      start: 75
      end: 127
    - source: Hashids
      style: secondary
      start: 75
      end: 82
    - source: salt
      style: secondary
      start: 97
      end: 101
    - source: app.config['SECRET_KEY']
      style: secondary
      start: 102
      end: 126
    - source: salt=app.config['SECRET_KEY']
      style: secondary
      start: 97
      end: 126
    - source: (min_length=4, salt=app.config['SECRET_KEY'])
      style: secondary
      start: 82
      end: 127
    - source: from hashids import Hashids
      style: secondary
      start: 0
      end: 27
    - source: from flask import current_app as app
      style: secondary
      start: 28
      end: 64
    - source: |
        from hashids import Hashids
        from flask import current_app as app
        hashids = Hashids(min_length=4, salt=app.config['SECRET_KEY'])
      style: secondary
      start: 0
      end: 128
