id: libxml2-audit-parser-cpp
snapshots:
  ? |
    xmlParseInNodeContext(cur_node->parent, xml_filtered.c_str(),
    (int)xml_filtered.length(), 0, &pNewNode);
  : labels:
    - source: |-
        xmlParseInNodeContext(cur_node->parent, xml_filtered.c_str(),
        (int)xml_filtered.length(), 0, &pNewNode)
      style: primary
      start: 0
      end: 103
