id: pkcs5-hardcoded-secret-swift
snapshots:
  ? |
    PKCS5.PBKDF2(password: "123", salt: salt, iterations: 4096, variant: .sha256).calculate()
  : labels:
    - source: 'PKCS5.PBKDF2(password: "123", salt: salt, iterations: 4096, variant: .sha256).calculate()'
      style: primary
      start: 0
      end: 89
    - source: PKCS5
      style: secondary
      start: 0
      end: 5
    - source: password
      style: secondary
      start: 13
      end: 21
    - source: '123'
      style: secondary
      start: 24
      end: 27
    - source: '"123"'
      style: secondary
      start: 23
      end: 28
    - source: 'password: "123"'
      style: secondary
      start: 13
      end: 28
    - source: 'PKCS5.PBKDF2(password: "123", salt: salt, iterations: 4096, variant: .sha256).calculate'
      style: secondary
      start: 0
      end: 87
  ? |
    let password: Array<UInt8> = Array("s33krit".utf8)
    try PKCS5.PBKDF2(password: password, salt: salt, iterations: 4096, variant: .sha256).calculate()
  : labels:
    - source: 'try PKCS5.PBKDF2(password: password, salt: salt, iterations: 4096, variant: .sha256).calculate()'
      style: primary
      start: 51
      end: 147
    - source: PKCS5
      style: secondary
      start: 55
      end: 60
    - source: PKCS5.PBKDF2
      style: secondary
      start: 55
      end: 67
    - source: password
      style: secondary
      start: 68
      end: 76
    - source: password
      style: secondary
      start: 78
      end: 86
    - source: 'password: password'
      style: secondary
      start: 68
      end: 86
    - source: '(password: password, salt: salt, iterations: 4096, variant: .sha256)'
      style: secondary
      start: 67
      end: 135
    - source: 'try PKCS5.PBKDF2(password: password, salt: salt, iterations: 4096, variant: .sha256)'
      style: secondary
      start: 51
      end: 135
    - source: password
      style: secondary
      start: 4
      end: 12
    - source: password
      style: secondary
      start: 4
      end: 12
    - source: 'let password: Array<UInt8> = Array("s33krit".utf8)'
      style: secondary
      start: 0
      end: 50
