id: python-tormysql-hardcoded-secret-python
snapshots:
  ? |
    HARDCODED_PASSWORD = "123secure"
    conn4 = tormysql.ConnectionPool(password=HARDCODED_PASSWORD)
  : labels:
    - source: tormysql.ConnectionPool(password=HARDCODED_PASSWORD)
      style: primary
      start: 41
      end: 93
    - source: tormysql
      style: secondary
      start: 41
      end: 49
    - source: ConnectionPool
      style: secondary
      start: 50
      end: 64
    - source: tormysql.ConnectionPool
      style: secondary
      start: 41
      end: 64
    - source: password
      style: secondary
      start: 65
      end: 73
    - source: HARDCODED_PASSWORD
      style: secondary
      start: 74
      end: 92
    - source: password=HARDCODED_PASSWORD
      style: secondary
      start: 65
      end: 92
    - source: (password=HARDCODED_PASSWORD)
      style: secondary
      start: 64
      end: 93
    - source: HARDCODED_PASSWORD
      style: secondary
      start: 0
      end: 18
    - source: 123secure
      style: secondary
      start: 22
      end: 31
    - source: '"123secure"'
      style: secondary
      start: 21
      end: 32
    - source: HARDCODED_PASSWORD = "123secure"
      style: secondary
      start: 0
      end: 32
    - source: HARDCODED_PASSWORD = "123secure"
      style: secondary
      start: 0
      end: 32
    - source: HARDCODED_PASSWORD = "123secure"
      style: secondary
      start: 0
      end: 32
  ? |
    conn1 = tormysql.ConnectionPool(password="hardcoded_password")
  : labels:
    - source: tormysql.ConnectionPool(password="hardcoded_password")
      style: primary
      start: 8
      end: 62
    - source: tormysql
      style: secondary
      start: 8
      end: 16
    - source: ConnectionPool
      style: secondary
      start: 17
      end: 31
    - source: tormysql.ConnectionPool
      style: secondary
      start: 8
      end: 31
    - source: password
      style: secondary
      start: 32
      end: 40
    - source: hardcoded_password
      style: secondary
      start: 42
      end: 60
    - source: '"hardcoded_password"'
      style: secondary
      start: 41
      end: 61
    - source: password="hardcoded_password"
      style: secondary
      start: 32
      end: 61
    - source: (password="hardcoded_password")
      style: secondary
      start: 31
      end: 62
