id: python-pg8000-hardcoded-secret-python
snapshots:
  ? |
    conn = pg8000.dbapi.connect(user="postgres", password="abc")
  : labels:
    - source: pg8000.dbapi.connect(user="postgres", password="abc")
      style: primary
      start: 7
      end: 60
    - source: pg8000.dbapi.connect
      style: secondary
      start: 7
      end: 27
    - source: password
      style: secondary
      start: 45
      end: 53
    - source: abc
      style: secondary
      start: 55
      end: 58
    - source: '"abc"'
      style: secondary
      start: 54
      end: 59
    - source: password="abc"
      style: secondary
      start: 45
      end: 59
    - source: (user="postgres", password="abc")
      style: secondary
      start: 27
      end: 60
