id: python-requests-oauth-hardcoded-secret-python
snapshots:
  ? |
    import requests
    import os
    from requests_oauthlib import OAuth1, OAuth2Session
    auth1 = OAuth1('APP_KEY_HERE', 'APP_SECRET_HERE', 'USER_TOKEN', 'USER_TOKEN_SECRET')
  : labels:
    - source: OAuth1('APP_KEY_HERE', 'APP_SECRET_HERE', 'USER_TOKEN', 'USER_TOKEN_SECRET')
      style: primary
      start: 86
      end: 162
    - source: OAuth1
      style: secondary
      start: 86
      end: 92
    - source: APP_SECRET_HERE
      style: secondary
      start: 110
      end: 125
    - source: '''APP_SECRET_HERE'''
      style: secondary
      start: 109
      end: 126
    - source: ('APP_KEY_HERE', 'APP_SECRET_HERE', 'USER_TOKEN', 'USER_TOKEN_SECRET')
      style: secondary
      start: 92
      end: 162
    - source: from requests_oauthlib import OAuth1, OAuth2Session
      style: secondary
      start: 26
      end: 77
    - source: from requests_oauthlib import OAuth1, OAuth2Session
      style: secondary
      start: 26
      end: 77
  ? |
    import requests
    import os
    from requests_oauthlib import OAuth1, OAuth2Session
    auth2 = OAuth1(os.getenv('APP_KEY'), 'HARD_CODED_SECRET', os.getenv('USER_TOKEN'), 'HARD_CODED_TOKEN_SECRET')
  : labels:
    - source: OAuth1(os.getenv('APP_KEY'), 'HARD_CODED_SECRET', os.getenv('USER_TOKEN'), 'HARD_CODED_TOKEN_SECRET')
      style: primary
      start: 86
      end: 187
    - source: OAuth1
      style: secondary
      start: 86
      end: 92
    - source: HARD_CODED_SECRET
      style: secondary
      start: 116
      end: 133
    - source: '''HARD_CODED_SECRET'''
      style: secondary
      start: 115
      end: 134
    - source: (os.getenv('APP_KEY'), 'HARD_CODED_SECRET', os.getenv('USER_TOKEN'), 'HARD_CODED_TOKEN_SECRET')
      style: secondary
      start: 92
      end: 187
    - source: from requests_oauthlib import OAuth1, OAuth2Session
      style: secondary
      start: 26
      end: 77
    - source: from requests_oauthlib import OAuth1, OAuth2Session
      style: secondary
      start: 26
      end: 77
  ? "import requests\nimport os\nfrom requests_oauthlib import OAuth2Session\noauth2 = OAuth2Session(\n  client_id=\"MY_CLIENT_ID\", \n  redirect_uri=\"https://example.com/callback\", \n  scope=[\"profile\", \"email\"]\n)\ntoken = oauth2.fetch_token(\n  'https://accounts.google.com/o/oauth2/token',\n  authorization_response='https://example.com/auth_response',\n  client_secret=\"HARDCODED_SECRET\"\n)\n"
  : labels:
    - source: |-
        oauth2.fetch_token(
          'https://accounts.google.com/o/oauth2/token',
          authorization_response='https://example.com/auth_response',
          client_secret="HARDCODED_SECRET"
        )
      style: primary
      start: 210
      end: 376
    - source: oauth2
      style: secondary
      start: 210
      end: 216
    - source: fetch_token
      style: secondary
      start: 217
      end: 228
    - source: oauth2.fetch_token
      style: secondary
      start: 210
      end: 228
    - source: client_secret
      style: secondary
      start: 342
      end: 355
    - source: HARDCODED_SECRET
      style: secondary
      start: 357
      end: 373
    - source: '"HARDCODED_SECRET"'
      style: secondary
      start: 356
      end: 374
    - source: client_secret="HARDCODED_SECRET"
      style: secondary
      start: 342
      end: 374
    - source: |-
        (
          'https://accounts.google.com/o/oauth2/token',
          authorization_response='https://example.com/auth_response',
          client_secret="HARDCODED_SECRET"
        )
      style: secondary
      start: 228
      end: 376
    - source: oauth2
      style: secondary
      start: 70
      end: 76
    - source: OAuth2Session
      style: secondary
      start: 79
      end: 92
    - source: "OAuth2Session(\n  client_id=\"MY_CLIENT_ID\", \n  redirect_uri=\"https://example.com/callback\", \n  scope=[\"profile\", \"email\"]\n)"
      style: secondary
      start: 79
      end: 201
    - source: "oauth2 = OAuth2Session(\n  client_id=\"MY_CLIENT_ID\", \n  redirect_uri=\"https://example.com/callback\", \n  scope=[\"profile\", \"email\"]\n)"
      style: secondary
      start: 70
      end: 201
    - source: "oauth2 = OAuth2Session(\n  client_id=\"MY_CLIENT_ID\", \n  redirect_uri=\"https://example.com/callback\", \n  scope=[\"profile\", \"email\"]\n)"
      style: secondary
      start: 70
      end: 201
    - source: "oauth2 = OAuth2Session(\n  client_id=\"MY_CLIENT_ID\", \n  redirect_uri=\"https://example.com/callback\", \n  scope=[\"profile\", \"email\"]\n)"
      style: secondary
      start: 70
      end: 201
    - source: from requests_oauthlib import OAuth2Session
      style: secondary
      start: 26
      end: 69
    - source: from requests_oauthlib import OAuth2Session
      style: secondary
      start: 26
      end: 69
