id: python-peewee-mysql-empty-password-python
snapshots:
  ? "mysql_db1 = MySQLDatabase('my_app', user='app', password='', host='10.1.0.8', port=3306) \n"
  : labels:
    - source: MySQLDatabase('my_app', user='app', password='', host='10.1.0.8', port=3306)
      style: primary
      start: 12
      end: 88
    - source: MySQLDatabase
      style: secondary
      start: 12
      end: 25
    - source: password
      style: secondary
      start: 48
      end: 56
    - source: ''''''
      style: secondary
      start: 57
      end: 59
    - source: password=''
      style: secondary
      start: 48
      end: 59
    - source: ('my_app', user='app', password='', host='10.1.0.8', port=3306)
      style: secondary
      start: 25
      end: 88
