id: python-webrepl-hardcoded-secret-python
snapshots:
  ? |
    webrepl.start(password="12345")
  : labels:
    - source: webrepl.start(password="12345")
      style: primary
      start: 0
      end: 31
    - source: webrepl.start
      style: secondary
      start: 0
      end: 13
    - source: password
      style: secondary
      start: 14
      end: 22
    - source: '12345'
      style: secondary
      start: 24
      end: 29
    - source: '"12345"'
      style: secondary
      start: 23
      end: 30
    - source: password="12345"
      style: secondary
      start: 14
      end: 30
    - source: (password="12345")
      style: secondary
      start: 13
      end: 31
  ? |
    webrepl.start(password="mypassword")
  : labels:
    - source: webrepl.start(password="mypassword")
      style: primary
      start: 0
      end: 36
    - source: webrepl.start
      style: secondary
      start: 0
      end: 13
    - source: password
      style: secondary
      start: 14
      end: 22
    - source: mypassword
      style: secondary
      start: 24
      end: 34
    - source: '"mypassword"'
      style: secondary
      start: 23
      end: 35
    - source: password="mypassword"
      style: secondary
      start: 14
      end: 35
    - source: (password="mypassword")
      style: secondary
      start: 13
      end: 36
