id: python-mariadb-hardcoded-secret-python
snapshots:
  ? |
    PASSWORD1 = "test"
    conn = mariadb.connect(password=PASSWORD1)
  : labels:
    - source: mariadb.connect(password=PASSWORD1)
      style: primary
      start: 26
      end: 61
    - source: password
      style: secondary
      start: 42
      end: 50
    - source: PASSWORD1
      style: secondary
      start: 0
      end: 9
    - source: '"'
      style: secondary
      start: 12
      end: 13
    - source: test
      style: secondary
      start: 13
      end: 17
    - source: '"'
      style: secondary
      start: 17
      end: 18
    - source: '"test"'
      style: secondary
      start: 12
      end: 18
    - source: PASSWORD1 = "test"
      style: secondary
      start: 0
      end: 18
    - source: PASSWORD1 = "test"
      style: secondary
      start: 0
      end: 18
    - source: PASSWORD1 = "test"
      style: secondary
      start: 0
      end: 18
    - source: PASSWORD1
      style: secondary
      start: 51
      end: 60
    - source: password=PASSWORD1
      style: secondary
      start: 42
      end: 60
    - source: (password=PASSWORD1)
      style: secondary
      start: 41
      end: 61
    - source: mariadb.connect
      style: secondary
      start: 26
      end: 41
  ? |
    conn = mariadb.connect(password="test")
  : labels:
    - source: mariadb.connect(password="test")
      style: primary
      start: 7
      end: 39
    - source: password
      style: secondary
      start: 23
      end: 31
    - source: '"'
      style: secondary
      start: 32
      end: 33
    - source: test
      style: secondary
      start: 33
      end: 37
    - source: '"'
      style: secondary
      start: 37
      end: 38
    - source: '"test"'
      style: secondary
      start: 32
      end: 38
    - source: password="test"
      style: secondary
      start: 23
      end: 38
    - source: (password="test")
      style: secondary
      start: 22
      end: 39
    - source: mariadb.connect
      style: secondary
      start: 7
      end: 22
  ? |
    import mariadb as mrdbl123
    mrdbl123.connect(host="this.is.my.host",user="root",passwd="test",database="aaa")
  : labels:
    - source: mrdbl123.connect(host="this.is.my.host",user="root",passwd="test",database="aaa")
      style: primary
      start: 27
      end: 108
    - source: mrdbl123
      style: secondary
      start: 27
      end: 35
    - source: connect
      style: secondary
      start: 36
      end: 43
    - source: passwd
      style: secondary
      start: 79
      end: 85
    - source: '"'
      style: secondary
      start: 86
      end: 87
    - source: test
      style: secondary
      start: 87
      end: 91
    - source: '"'
      style: secondary
      start: 91
      end: 92
    - source: '"test"'
      style: secondary
      start: 86
      end: 92
    - source: passwd="test"
      style: secondary
      start: 79
      end: 92
    - source: (host="this.is.my.host",user="root",passwd="test",database="aaa")
      style: secondary
      start: 43
      end: 108
    - source: mrdbl123.connect
      style: secondary
      start: 27
      end: 43
    - source: mariadb
      style: secondary
      start: 7
      end: 14
    - source: mrdbl123
      style: secondary
      start: 18
      end: 26
    - source: mariadb as mrdbl123
      style: secondary
      start: 7
      end: 26
    - source: import mariadb as mrdbl123
      style: secondary
      start: 0
      end: 26
    - source: import mariadb as mrdbl123
      style: secondary
      start: 0
      end: 26
