id: python-ldap3-empty-password-python
snapshots:
  ? |
    ldap3.Connection(password="")
  : labels:
    - source: ldap3.Connection(password="")
      style: primary
      start: 0
      end: 29
    - source: ldap3.Connection
      style: secondary
      start: 0
      end: 16
    - source: password
      style: secondary
      start: 17
      end: 25
    - source: '""'
      style: secondary
      start: 26
      end: 28
    - source: password=""
      style: secondary
      start: 17
      end: 28
    - source: (password="")
      style: secondary
      start: 16
      end: 29
