id: scrypt-hardcoded-secret-swift
snapshots:
  ? |
    let ishan: Array<UInt8> = Array("s33krit".utf8)
    let key = try Scrypt(password: ishan, salt: salt, dkLen: 64, N: 16384, r: 8, p: 1).calculate()
  : labels:
    - source: 'let key = try Scrypt(password: ishan, salt: salt, dkLen: 64, N: 16384, r: 8, p: 1).calculate()'
      style: primary
      start: 48
      end: 142
    - source: password
      style: secondary
      start: 69
      end: 77
    - source: ishan
      style: secondary
      start: 79
      end: 84
    - source: 'password: ishan'
      style: secondary
      start: 69
      end: 84
    - source: 'try Scrypt(password: ishan, salt: salt, dkLen: 64, N: 16384, r: 8, p: 1).calculate()'
      style: secondary
      start: 58
      end: 142
    - source: ishan
      style: secondary
      start: 4
      end: 9
    - source: ishan
      style: secondary
      start: 4
      end: 9
    - source: 'let ishan: Array<UInt8> = Array("s33krit".utf8)'
      style: secondary
      start: 0
      end: 47
  ? |
    try Scrypt(password: "123", salt: salt, dkLen: 64, N: 16384, r: 8, p: 1).calculate()
  : labels:
    - source: 'try Scrypt(password: "123", salt: salt, dkLen: 64, N: 16384, r: 8, p: 1).calculate()'
      style: primary
      start: 0
      end: 84
    - source: password
      style: secondary
      start: 11
      end: 19
    - source: '123'
      style: secondary
      start: 22
      end: 25
    - source: '"123"'
      style: secondary
      start: 21
      end: 26
    - source: 'password: "123"'
      style: secondary
      start: 11
      end: 26
    - source: 'try Scrypt(password: "123", salt: salt, dkLen: 64, N: 16384, r: 8, p: 1).calculate'
      style: secondary
      start: 0
      end: 82
