id: std-return-data-cpp
snapshots:
  ? |
    int *return_vector_data() {
    std::vector<int> v;
    return v.data();
    }
  : labels:
    - source: return v.data();
      style: primary
      start: 48
      end: 64
    - source: v
      style: secondary
      start: 45
      end: 46
    - source: vector
      style: secondary
      start: 33
      end: 39
    - source: vector<int>
      style: secondary
      start: 33
      end: 44
    - source: return_vector_data
      style: secondary
      start: 5
      end: 23
    - source: return_vector_data()
      style: secondary
      start: 5
      end: 25
    - source: '*return_vector_data()'
      style: secondary
      start: 4
      end: 25
    - source: int
      style: secondary
      start: 0
      end: 3
    - source: |-
        {
        std::vector<int> v;
        return v.data();
        }
      style: secondary
      start: 26
      end: 66
    - source: std
      style: secondary
      start: 28
      end: 31
    - source: std::vector<int>
      style: secondary
      start: 28
      end: 44
    - source: std::vector<int> v;
      style: secondary
      start: 28
      end: 47
    - source: return v.data();
      style: secondary
      start: 48
      end: 64
    - source: v
      style: secondary
      start: 55
      end: 56
    - source: v.data
      style: secondary
      start: 55
      end: 61
    - source: v.data()
      style: secondary
      start: 55
      end: 63
