id: swift-webview-config-base-url-swift
snapshots: {}
